Renesas Optimizing Linker (W3.01.00 )             30-Jun-2020 10:53:52

*** Options ***

-subcommand=DefaultBuild\Renesas-RL78L12-HS300x.clnk
-Input=DefaultBuild\cstart.obj
-Input=DefaultBuild\stkinit.obj
-Input=DefaultBuild\r_main.obj
-Input=DefaultBuild\r_systeminit.obj
-Input=DefaultBuild\r_cg_cgc.obj
-Input=DefaultBuild\r_cg_cgc_user.obj
-Input=DefaultBuild\r_cg_serial.obj
-Input=DefaultBuild\r_cg_serial_user.obj
-Input=DefaultBuild\r_cg_wdt.obj
-Input=DefaultBuild\r_cg_wdt_user.obj
-DEVICE=D:\Renesas\CS\CS+\CC\Device\RL78\Devicefile\DR5F10RLA.DVF
-DEBug
-NOCOmpress
-NOOPtimize
-OUtput=DefaultBuild\Renesas-RL78L12-HS300x.abs
-LIBrary=D:\Renesas\CS\CS+\CC\CC-RL\V1.08.00\lib\rl78cm4s.lib
-LIBrary=D:\Renesas\CS\CS+\CC\CC-RL\V1.08.00\lib\malloc_n.lib
-LIBrary=D:\Renesas\CS\CS+\CC\CC-RL\V1.08.00\lib\rl78cm4r.lib
-OCDBG=84
-DEBUG_MONITOR=3E00-3FFF
-USER_OPT_BYTE=FFFFE9
-LISt=DefaultBuild\Renesas-RL78L12-HS300x.map
-SHow=Total_size
-AUTO_SECTION_LAYOUT
-ROm=.data=.dataR
-ROm=.sdata=.sdataR
-NOMessage
-MEMory=High
-Total_size
-NOLOgo
-end

*** Error information ***

*** Mapping List ***

SECTION                            START      END         SIZE   ALIGN
.vect
                                  00000000  0000007f        80   0
.constf
                                  00000080  00000080         0   2
.data
                                  00000080  00000080         0   2
.sdata
                                  00000080  00000080         0   2
.option_byte
                                  000000c0  000000c3         4   1
.SLIB
                                  000000c4  000000c4         0   1
.monitor1
                                  000000ce  000000d7         a   1
.text
                                  000000d8  000001e6       10f   1
.textf
                                  000001e7  0000056c       386   1
.RLIB
                                  0000056d  0000057d        11   1
.const
                                  00002000  00002003         4   2
.monitor2
                                  00003e00  00003fff       200   1
.bss
                                  000ffb00  000ffb15        16   2
.dataR
                                  000ffb16  000ffb16         0   2
.sbss
                                  000ffe20  000ffe20         0   2
.sdataR
                                  000ffe20  000ffe20         0   2

*** Total Section Size ***

RAMDATA SECTION:  00000016 Byte(s)
ROMDATA SECTION:  00000292 Byte(s)
PROGRAM SECTION:  000004a6 Byte(s)
